<div>
    <ul>
        <li class="active">1</li>
        <li><a href="link">2</a></li>
    </ul>

<form action="link" method="post" id="frm-wizard-step1">

<table>
<tr class="required">
	<th><label for="frm-wizard-step1-name" class="required">Uživatelské jméno</label></th>

	<td><input type="text" name="name" id="frm-wizard-step1-name" required data-nette-rules='[{"op":":filled","msg":"This field is required."}]' value="Name" class="text"></td>
</tr>

<tr>
	<th></th>

	<td><input type="submit" name="next" value="Další" class="button"></td>
</tr>
</table>

<div><input type="hidden" name="do" value="wizard-step1-submit"><!--[if IE]><input type=IEbug disabled style="display:none"><![endif]--></div>
</form>



</div>